<def f='codebrowser/gtsam/geometry/tests/testPose2.cpp' l='787' type='Pose2'/>
<use f='codebrowser/gtsam/geometry/tests/testPose2.cpp' l='789' u='m'/>
<use f='codebrowser/gtsam/geometry/tests/testPose2.cpp' l='790' u='m'/>
<use f='codebrowser/gtsam/geometry/tests/testPose2.cpp' l='791' u='m'/>
<use f='codebrowser/gtsam/geometry/tests/testPose2.cpp' l='803' u='r' c='_ZN16Pose2align_3Test3runER10TestResult'/>
<use f='codebrowser/gtsam/geometry/tests/testPose2.cpp' l='831' u='r' c='_ZN16Pose2align_4Test3runER10TestResult'/>
