<use f='codebrowser/gtsam/3rdparty/Eigen/Eigen/src/Core/CoreEvaluators.h' l='1012'/>
<use f='codebrowser/gtsam/3rdparty/Eigen/Eigen/src/Core/CoreEvaluators.h' l='1013'/>
<use f='codebrowser/gtsam/3rdparty/Eigen/Eigen/src/Core/CoreEvaluators.h' l='1015'/>
<use f='codebrowser/gtsam/3rdparty/Eigen/Eigen/src/Core/StableNorm.h' l='69' c='_ZN5Eigen8internal27stable_norm_impl_inner_stepERKT_RT0_S5_S5_'/>
<use f='codebrowser/gtsam/3rdparty/Eigen/Eigen/src/Core/Ref.h' l='18'/>
<def f='codebrowser/gtsam/3rdparty/Eigen/Eigen/src/Core/Ref.h' l='281' ll='326'/>
<use f='codebrowser/gtsam/3rdparty/Eigen/Eigen/src/Core/Ref.h' l='282'/>
<def f='codebrowser/gtsam/3rdparty/Eigen/Eigen/src/Core/Ref.h' l='329' ll='377'/>
<use f='codebrowser/gtsam/3rdparty/Eigen/Eigen/src/Core/Ref.h' l='330'/>
<use f='codebrowser/gtsam/3rdparty/Eigen/Eigen/src/LU/PartialPivLU.h' l='37'/>
<use f='codebrowser/gtsam/3rdparty/Eigen/Eigen/src/LU/PartialPivLU.h' l='344'/>
<use f='codebrowser/gtsam/3rdparty/Eigen/Eigen/src/LU/PartialPivLU.h' l='345'/>
<use f='codebrowser/gtsam/3rdparty/Eigen/Eigen/src/SVD/UpperBidiagonalization.h' l='156' c='_ZN5Eigen8internal37upperbidiagonalization_blocked_helperERT_PNS1_10RealScalarES4_lNS_3RefINS_6MatrixINS1_6ScalarELin1ELin1EXansr6traitsIS1_EE5FlagsL_13044715'/>
<use f='codebrowser/gtsam/3rdparty/Eigen/Eigen/src/SVD/UpperBidiagonalization.h' l='158' c='_ZN5Eigen8internal37upperbidiagonalization_blocked_helperERT_PNS1_10RealScalarES4_lNS_3RefINS_6MatrixINS1_6ScalarELin1ELin1EXansr6traitsIS1_EE5FlagsL_13044715'/>
<use f='codebrowser/gtsam/3rdparty/Eigen/Eigen/src/SVD/UpperBidiagonalization.h' l='167' c='_ZN5Eigen8internal37upperbidiagonalization_blocked_helperERT_PNS1_10RealScalarES4_lNS_3RefINS_6MatrixINS1_6ScalarELin1ELin1EXansr6traitsIS1_EE5FlagsL_13044715'/>
<use f='codebrowser/gtsam/3rdparty/Eigen/Eigen/src/SVD/UpperBidiagonalization.h' l='168' c='_ZN5Eigen8internal37upperbidiagonalization_blocked_helperERT_PNS1_10RealScalarES4_lNS_3RefINS_6MatrixINS1_6ScalarELin1ELin1EXansr6traitsIS1_EE5FlagsL_13044715'/>
<use f='codebrowser/gtsam/3rdparty/Eigen/Eigen/src/SVD/UpperBidiagonalization.h' l='169' c='_ZN5Eigen8internal37upperbidiagonalization_blocked_helperERT_PNS1_10RealScalarES4_lNS_3RefINS_6MatrixINS1_6ScalarELin1ELin1EXansr6traitsIS1_EE5FlagsL_13044715'/>
<use f='codebrowser/gtsam/3rdparty/Eigen/Eigen/src/SVD/BDCSVD.h' l='106'/>
<use f='codebrowser/gtsam/3rdparty/Eigen/Eigen/src/SVD/BDCSVD.h' l='107'/>
<use f='codebrowser/gtsam/3rdparty/Eigen/Eigen/src/Eigenvalues/SelfAdjointEigenSolver.h' l='634' c='_ZN5Eigen8internal30direct_selfadjoint_eigenvaluesIT_Li3ELb0EE14extract_kernelERNS2_10MatrixTypeENS_3RefINS2_14RealVectorTypeELi0ENS0_11conditionalIXs5554696'/>
<use f='codebrowser/gtsam/3rdparty/Eigen/Eigen/src/Eigenvalues/SelfAdjointEigenSolver.h' l='634' c='_ZN5Eigen8internal30direct_selfadjoint_eigenvaluesIT_Li3ELb0EE14extract_kernelERNS2_10MatrixTypeENS_3RefINS2_14RealVectorTypeELi0ENS0_11conditionalIXs5554696'/>
<use f='codebrowser/gtsam/base/OptionalJacobian.h' l='112' c='_ZN5gtsam16OptionalJacobianC1EN5Eigen3RefITL0__Li0ENS1_8internal11conditionalIXsrS3_21IsVectorAtCompileTimeENS1_11InnerStrideILi1EEENS1_11OuterStrideILin1EEEE4typeEEE'/>
<use f='codebrowser/gtsam/geometry/SOn.h' l='235' c='_ZN5gtsam2SO3HatERKN5Eigen6MatrixIdLin1ELi1ELi0ELin1ELi1EEENS1_3RefINS2_IdXT_EXT_EXorLNS1_14StorageOptionsE0EquaaeqT_Li1EneT_Li1ELS7_1EquaaeqT_Li1EneT7517854'/>
<use f='codebrowser/gtsam/geometry/Quaternion.h' l='77' c='_ZN5gtsam6traitsIN5Eigen10QuaternionIT_XT0_EEEE6ExpmapERKNS1_3RefIKNS1_6MatrixIS3_Li3ELi1EXT0_ELi3ELi1EEELi0ENS1_8internal11conditionalIXsr13TangentVe7618875'/>
<use f='codebrowser/gtsam/3rdparty/Eigen/Eigen/src/SparseCore/SparseRef.h' l='24'/>
<use f='codebrowser/gtsam/3rdparty/Eigen/Eigen/src/SparseCore/SparseRef.h' l='44'/>
<use f='codebrowser/gtsam/3rdparty/Eigen/Eigen/src/SparseCore/SparseRef.h' l='45'/>
<use f='codebrowser/gtsam/3rdparty/Eigen/Eigen/src/SparseCore/SparseRef.h' l='53'/>
<use f='codebrowser/gtsam/3rdparty/Eigen/Eigen/src/SparseCore/SparseRef.h' l='72'/>
<use f='codebrowser/gtsam/3rdparty/Eigen/Eigen/src/SparseCore/SparseRef.h' l='73'/>
<def f='codebrowser/gtsam/3rdparty/Eigen/Eigen/src/SparseCore/SparseRef.h' l='122' ll='173'/>
<use f='codebrowser/gtsam/3rdparty/Eigen/Eigen/src/SparseCore/SparseRef.h' l='124'/>
<def f='codebrowser/gtsam/3rdparty/Eigen/Eigen/src/SparseCore/SparseRef.h' l='176' ll='239'/>
<use f='codebrowser/gtsam/3rdparty/Eigen/Eigen/src/SparseCore/SparseRef.h' l='178'/>
<def f='codebrowser/gtsam/3rdparty/Eigen/Eigen/src/SparseCore/SparseRef.h' l='253' ll='291'/>
<use f='codebrowser/gtsam/3rdparty/Eigen/Eigen/src/SparseCore/SparseRef.h' l='255'/>
<def f='codebrowser/gtsam/3rdparty/Eigen/Eigen/src/SparseCore/SparseRef.h' l='294' ll='347'/>
<use f='codebrowser/gtsam/3rdparty/Eigen/Eigen/src/SparseCore/SparseRef.h' l='296'/>
<use f='codebrowser/gtsam/3rdparty/Eigen/Eigen/src/SparseCore/SparseRef.h' l='354'/>
<use f='codebrowser/gtsam/3rdparty/Eigen/Eigen/src/SparseCore/SparseRef.h' l='355'/>
<use f='codebrowser/gtsam/3rdparty/Eigen/Eigen/src/SparseCore/SparseRef.h' l='357'/>
<use f='codebrowser/gtsam/3rdparty/Eigen/Eigen/src/SparseCore/SparseRef.h' l='358'/>
<use f='codebrowser/gtsam/3rdparty/Eigen/Eigen/src/SparseCore/SparseRef.h' l='364'/>
<use f='codebrowser/gtsam/3rdparty/Eigen/Eigen/src/SparseCore/SparseRef.h' l='365'/>
<use f='codebrowser/gtsam/3rdparty/Eigen/Eigen/src/SparseCore/SparseRef.h' l='367'/>
<use f='codebrowser/gtsam/3rdparty/Eigen/Eigen/src/SparseCore/SparseRef.h' l='368'/>
<use f='codebrowser/gtsam/3rdparty/Eigen/Eigen/src/SparseCore/SparseRef.h' l='374'/>
<use f='codebrowser/gtsam/3rdparty/Eigen/Eigen/src/SparseCore/SparseRef.h' l='375'/>
<use f='codebrowser/gtsam/3rdparty/Eigen/Eigen/src/SparseCore/SparseRef.h' l='377'/>
<use f='codebrowser/gtsam/3rdparty/Eigen/Eigen/src/SparseCore/SparseRef.h' l='378'/>
<use f='codebrowser/gtsam/3rdparty/Eigen/Eigen/src/SparseCore/SparseRef.h' l='384'/>
<use f='codebrowser/gtsam/3rdparty/Eigen/Eigen/src/SparseCore/SparseRef.h' l='385'/>
<use f='codebrowser/gtsam/3rdparty/Eigen/Eigen/src/SparseCore/SparseRef.h' l='387'/>
<use f='codebrowser/gtsam/3rdparty/Eigen/Eigen/src/SparseCore/SparseRef.h' l='388'/>
<use f='codebrowser/gtsam/3rdparty/Eigen/Eigen/src/SparseCore/SparseBlock.h' l='128' c='_ZN5Eigen8internal24sparse_matrix_block_implaSERKNS_16SparseMatrixBaseITL0__EE'/>
<use f='codebrowser/gtsam/3rdparty/Eigen/Eigen/src/SparseLU/SparseLUImpl.h' l='28'/>
<use f='codebrowser/gtsam/3rdparty/Eigen/Eigen/src/SparseLU/SparseLUImpl.h' l='29'/>
<use f='codebrowser/gtsam/3rdparty/Eigen/Eigen/src/SparseLU/SparseLUImpl.h' l='47' c='_ZN5Eigen8internal12SparseLUImpl10dfs_kernelET0_RNS_6MatrixIS2_Lin1ELi1ELi0ELin1ELi1EEERlS5_S5_NS_3RefIS4_Li0ENS0_11conditionalIXsr6MatrixIS2_L_ZNS_L75203450'/>
<use f='codebrowser/gtsam/3rdparty/Eigen/Eigen/src/SparseLU/SparseLUImpl.h' l='47' c='_ZN5Eigen8internal12SparseLUImpl10dfs_kernelET0_RNS_6MatrixIS2_Lin1ELi1ELi0ELin1ELi1EEERlS5_S5_NS_3RefIS4_Li0ENS0_11conditionalIXsr6MatrixIS2_L_ZNS_L75203450'/>
<use f='codebrowser/gtsam/3rdparty/Eigen/Eigen/src/SparseLU/SparseLU_panel_dfs.h' l='64' c='_ZN5Eigen8internal12SparseLUImpl10dfs_kernelET0_RNS_6MatrixIS2_Lin1ELi1ELi0ELin1ELi1EEERlS5_S5_NS_3RefIS4_Li0ENS0_11conditionalIXsr6MatrixIS2_L_ZNS_L75203450'/>
<use f='codebrowser/gtsam/3rdparty/Eigen/Eigen/src/SparseLU/SparseLU_panel_dfs.h' l='64' c='_ZN5Eigen8internal12SparseLUImpl10dfs_kernelET0_RNS_6MatrixIS2_Lin1ELi1ELi0ELin1ELi1EEERlS5_S5_NS_3RefIS4_Li0ENS0_11conditionalIXsr6MatrixIS2_L_ZNS_L75203450'/>
<use f='codebrowser/gtsam/3rdparty/Eigen/Eigen/src/IterativeLinearSolvers/IterativeSolverBase.h' l='31' c='_ZN5Eigen8internal22is_ref_compatible_impl4testERKNS_3RefIKTL0__Li0ENS0_11conditionalIXsrS3_21IsVectorAtCompileTimeENS_11InnerStrideILi1EEENS_11OuterS14622482'/>
<use f='codebrowser/gtsam/3rdparty/Eigen/Eigen/src/IterativeLinearSolvers/IterativeSolverBase.h' l='54'/>
<use f='codebrowser/gtsam/3rdparty/Eigen/Eigen/src/IterativeLinearSolvers/IterativeSolverBase.h' l='80' c='_ZN5Eigen8internal22generic_matrix_wrapperIT_Lb0EE4grabERKNS_9EigenBaseITL0__EE'/>
<use f='codebrowser/gtsam/3rdparty/Eigen/Eigen/src/IterativeLinearSolvers/IterativeSolverBase.h' l='81' c='_ZN5Eigen8internal22generic_matrix_wrapperIT_Lb0EE4grabERKNS_9EigenBaseITL0__EE'/>
<use f='codebrowser/gtsam/3rdparty/Eigen/Eigen/src/IterativeLinearSolvers/IterativeSolverBase.h' l='84' c='_ZN5Eigen8internal22generic_matrix_wrapperIT_Lb0EE4grabERKNS_3RefIKS2_Li0ENS0_11conditionalIXsrS2_21IsVectorAtCompileTimeENS_11InnerStrideILi1EEENS_1116117842'/>
<use f='codebrowser/gtsam/3rdparty/Eigen/Eigen/src/IterativeLinearSolvers/IterativeSolverBase.h' l='88' c='_ZN5Eigen8internal22generic_matrix_wrapperIT_Lb0EE4grabERKNS_3RefIKS2_Li0ENS0_11conditionalIXsrS2_21IsVectorAtCompileTimeENS_11InnerStrideILi1EEENS_1116117842'/>
<use f='codebrowser/gtsam/3rdparty/Eigen/Eigen/src/IterativeLinearSolvers/IterativeSolverBase.h' l='89' c='_ZN5Eigen8internal22generic_matrix_wrapperIT_Lb0EE4grabERKNS_3RefIKS2_Li0ENS0_11conditionalIXsrS2_21IsVectorAtCompileTimeENS_11InnerStrideILi1EEENS_1116117842'/>
<use f='codebrowser/gtsam/3rdparty/Eigen/Eigen/src/IterativeLinearSolvers/IncompleteCholesky.h' l='181' c='_ZN5Eigen18IncompleteCholesky10updateListENS_3RefIKNS_6MatrixINT1_15PermutationType12StorageIndexELin1ELi1ELi0ELin1ELi1EEELi0ENS_8internal11conditiona9880403'/>
<use f='codebrowser/gtsam/3rdparty/Eigen/Eigen/src/IterativeLinearSolvers/IncompleteCholesky.h' l='181' c='_ZN5Eigen18IncompleteCholesky10updateListENS_3RefIKNS_6MatrixINT1_15PermutationType12StorageIndexELin1ELi1ELi0ELin1ELi1EEELi0ENS_8internal11conditiona9880403'/>
<use f='codebrowser/gtsam/3rdparty/Eigen/Eigen/src/IterativeLinearSolvers/IncompleteCholesky.h' l='181' c='_ZN5Eigen18IncompleteCholesky10updateListENS_3RefIKNS_6MatrixINT1_15PermutationType12StorageIndexELin1ELi1ELi0ELin1ELi1EEELi0ENS_8internal11conditiona9880403'/>
<use f='codebrowser/gtsam/3rdparty/Eigen/Eigen/src/IterativeLinearSolvers/IncompleteCholesky.h' l='346' c='_ZN5Eigen18IncompleteCholesky9factorizeERKTL0__'/>
<use f='codebrowser/gtsam/3rdparty/Eigen/Eigen/src/IterativeLinearSolvers/IncompleteCholesky.h' l='347' c='_ZN5Eigen18IncompleteCholesky9factorizeERKTL0__'/>
<use f='codebrowser/gtsam/3rdparty/Eigen/Eigen/src/IterativeLinearSolvers/IncompleteCholesky.h' l='373' c='_ZN5Eigen18IncompleteCholesky10updateListENS_3RefIKNS_6MatrixINT1_15PermutationType12StorageIndexELin1ELi1ELi0ELin1ELi1EEELi0ENS_8internal11conditiona9880403'/>
<use f='codebrowser/gtsam/3rdparty/Eigen/Eigen/src/IterativeLinearSolvers/IncompleteCholesky.h' l='373' c='_ZN5Eigen18IncompleteCholesky10updateListENS_3RefIKNS_6MatrixINT1_15PermutationType12StorageIndexELin1ELi1ELi0ELin1ELi1EEELi0ENS_8internal11conditiona9880403'/>
<use f='codebrowser/gtsam/3rdparty/Eigen/Eigen/src/IterativeLinearSolvers/IncompleteCholesky.h' l='373' c='_ZN5Eigen18IncompleteCholesky10updateListENS_3RefIKNS_6MatrixINT1_15PermutationType12StorageIndexELin1ELi1ELi0ELin1ELi1EEELi0ENS_8internal11conditiona9880403'/>
<doc f='codebrowser/gtsam/3rdparty/Eigen/Eigen/src/Core/Ref.h' l='210'>/** \class Ref
  * \ingroup Core_Module
  *
  * \brief A matrix or vector expression mapping an existing expression
  *
  * \tparam PlainObjectType the equivalent matrix type of the mapped data
  * \tparam Options specifies the pointer alignment in bytes. It can be: \c #Aligned128, , \c #Aligned64, \c #Aligned32, \c #Aligned16, \c #Aligned8 or \c #Unaligned.
  *                 The default is \c #Unaligned.
  * \tparam StrideType optionally specifies strides. By default, Ref implies a contiguous storage along the inner dimension (inner stride==1),
  *                   but accepts a variable outer stride (leading dimension).
  *                   This can be overridden by specifying strides.
  *                   The type passed here must be a specialization of the Stride template, see examples below.
  *
  * This class provides a way to write non-template functions taking Eigen objects as parameters while limiting the number of copies.
  * A Ref&lt;&gt; object can represent either a const expression or a l-value:
  * \code
  * // in-out argument:
  * void foo1(Ref&lt;VectorXf&gt; x);
  *
  * // read-only const argument:
  * void foo2(const Ref&lt;const VectorXf&gt;&amp; x);
  * \endcode
  *
  * In the in-out case, the input argument must satisfy the constraints of the actual Ref&lt;&gt; type, otherwise a compilation issue will be triggered.
  * By default, a Ref&lt;VectorXf&gt; can reference any dense vector expression of float having a contiguous memory layout.
  * Likewise, a Ref&lt;MatrixXf&gt; can reference any column-major dense matrix expression of float whose column&apos;s elements are contiguously stored with
  * the possibility to have a constant space in-between each column, i.e. the inner stride must be equal to 1, but the outer stride (or leading dimension)
  * can be greater than the number of rows.
  *
  * In the const case, if the input expression does not match the above requirement, then it is evaluated into a temporary before being passed to the function.
  * Here are some examples:
  * \code
  * MatrixXf A;
  * VectorXf a;
  * foo1(a.head());             // OK
  * foo1(A.col());              // OK
  * foo1(A.row());              // Compilation error because here innerstride!=1
  * foo2(A.row());              // Compilation error because A.row() is a 1xN object while foo2 is expecting a Nx1 object
  * foo2(A.row().transpose());  // The row is copied into a contiguous temporary
  * foo2(2*a);                  // The expression is evaluated into a temporary
  * foo2(A.col().segment(2,4)); // No temporary
  * \endcode
  *
  * The range of inputs that can be referenced without temporary can be enlarged using the last two template parameters.
  * Here is an example accepting an innerstride!=1:
  * \code
  * // in-out argument:
  * void foo3(Ref&lt;VectorXf,0,InnerStride&lt;&gt; &gt; x);
  * foo3(A.row());              // OK
  * \endcode
  * The downside here is that the function foo3 might be significantly slower than foo1 because it won&apos;t be able to exploit vectorization, and will involve more
  * expensive address computations even if the input is contiguously stored in memory. To overcome this issue, one might propose to overload internally calling a
  * template function, e.g.:
  * \code
  * // in the .h:
  * void foo(const Ref&lt;MatrixXf&gt;&amp; A);
  * void foo(const Ref&lt;MatrixXf,0,Stride&lt;&gt; &gt;&amp; A);
  *
  * // in the .cpp:
  * template&lt;typename TypeOfA&gt; void foo_impl(const TypeOfA&amp; A) {
  *     ... // crazy code goes here
  * }
  * void foo(const Ref&lt;MatrixXf&gt;&amp; A) { foo_impl(A); }
  * void foo(const Ref&lt;MatrixXf,0,Stride&lt;&gt; &gt;&amp; A) { foo_impl(A); }
  * \endcode
  *
  * See also the following stackoverflow questions for further references:
  *  - &lt;a href=&quot;http://stackoverflow.com/questions/21132538/correct-usage-of-the-eigenref-class&quot;&gt;Correct usage of the Eigen::Ref&lt;&gt; class&lt;/a&gt;
  *
  * \sa PlainObjectBase::Map(), \ref TopicStorageOrders
  */</doc>
<doc f='codebrowser/gtsam/3rdparty/Eigen/Eigen/src/Core/Ref.h' l='328'>// this is the const ref version</doc>
<doc f='codebrowser/gtsam/3rdparty/Eigen/Eigen/src/SparseCore/SparseRef.h' l='175'>// this is the const ref version</doc>
<doc f='codebrowser/gtsam/3rdparty/Eigen/Eigen/src/SparseCore/SparseRef.h' l='293'>// this is the const ref version</doc>
<fun r='_ZN5Eigen3RefC1ERKNS_15PlainObjectBaseITL0__EEPNS_8internal9enable_ifIXcvbsr6Traits5matchIS2_EE18MatchAtCompileTimeES2_E4typeE'/>
<fun r='_ZN5Eigen3RefC1ERNS_15PlainObjectBaseITL0__EEPNS_8internal9enable_ifIXcvbsr6Traits5matchIS2_EE18MatchAtCompileTimeES2_E4typeE'/>
<fun r='_ZN5Eigen3RefC1ERKNS_9DenseBaseITL0__EEPNS_8internal9enable_ifIXcvbsr6Traits5matchIS2_EE18MatchAtCompileTimeES2_E4typeE'/>
<fun r='_ZN5Eigen3RefC1ERKNS_3RefIT_XT0_ET1_EE'/>
<fun r='_ZN5Eigen3RefIKT_XT0_ET1_EC1ERKNS_9DenseBaseITL0__EEPNS_8internal9enable_ifIXcvbsr6Traits5matchIS6_EE15ScalarTypeMatchES6_E4typeE'/>
<fun r='_ZN5Eigen3RefIKT_XT0_ET1_EC1ERKNS0_IS2_XT0_ES3_EE'/>
<fun r='_ZN5Eigen3RefIKT_XT0_ET1_EC1ERKNS_7RefBaseITL0__EE'/>
<fun r='_ZN5Eigen3RefIKT_XT0_ET1_E9constructERKTL0__NS_8internal9true_typeE'/>
<fun r='_ZN5Eigen3RefIKT_XT0_ET1_E9constructERKTL0__NS_8internal10false_typeE'/>
<mbr r='Eigen::Ref::m_object' t='TPlainObjectType'/>
<fun r='_ZN5Eigen3RefINS_12SparseMatrixIT_XT0_ET1_EEXT2_ET3_EC1ERKNS1_IS2_XTL0__ES3_EE'/>
<fun r='_ZN5Eigen3RefINS_12SparseMatrixIT_XT0_ET1_EEXT2_ET3_EC1ERKNS_18MappedSparseMatrixIS2_XTL0__ES3_EE'/>
<fun r='_ZN5Eigen3RefINS_12SparseMatrixIT_XT0_ET1_EEXT2_ET3_EC1ERNS1_IS2_XTL0__ES3_EE'/>
<fun r='_ZN5Eigen3RefINS_12SparseMatrixIT_XT0_ET1_EEXT2_ET3_EC1ERNS_18MappedSparseMatrixIS2_XTL0__ES3_EE'/>
<fun r='_ZN5Eigen3RefINS_12SparseMatrixIT_XT0_ET1_EEXT2_ET3_EC1ERKNS_20SparseCompressedBaseITL0__EE'/>
<fun r='_ZN5Eigen3RefIKNS_12SparseMatrixIT_XT0_ET1_EEXT2_ET3_EC1ERKNS_16SparseMatrixBaseITL0__EE'/>
<fun r='_ZN5Eigen3RefIKNS_12SparseMatrixIT_XT0_ET1_EEXT2_ET3_EC1ERKNS0_IS5_XT2_ES6_EE'/>
<fun r='_ZN5Eigen3RefIKNS_12SparseMatrixIT_XT0_ET1_EEXT2_ET3_EC1ERKNS_7RefBaseITL0__EE'/>
<fun r='_ZN5Eigen3RefIKNS_12SparseMatrixIT_XT0_ET1_EEXT2_ET3_ED1Ev'/>
<fun r='_ZN5Eigen3RefIKNS_12SparseMatrixIT_XT0_ET1_EEXT2_ET3_E9constructERKTL0__NS_8internal9true_typeE'/>
<fun r='_ZN5Eigen3RefIKNS_12SparseMatrixIT_XT0_ET1_EEXT2_ET3_E9constructERKTL0__NS_8internal10false_typeE'/>
<mbr r='Eigen::Ref::m_storage' t='typename internal::aligned_storage&lt;sizeof(TPlainObjectType), alignof(TPlainObjectType)&gt;::type'/>
<mbr r='Eigen::Ref::m_hasCopy' t='bool'/>
<fun r='_ZN5Eigen3RefINS_12SparseVectorIT_XT0_ET1_EEXT2_ET3_EC1ERKNS1_IS2_XTL0__ES3_EE'/>
<fun r='_ZN5Eigen3RefINS_12SparseVectorIT_XT0_ET1_EEXT2_ET3_EC1ERNS1_IS2_XTL0__ES3_EE'/>
<fun r='_ZN5Eigen3RefINS_12SparseVectorIT_XT0_ET1_EEXT2_ET3_EC1ERKNS_20SparseCompressedBaseITL0__EE'/>
<fun r='_ZN5Eigen3RefIKNS_12SparseVectorIT_XT0_ET1_EEXT2_ET3_EC1ERKNS_16SparseMatrixBaseITL0__EE'/>
<fun r='_ZN5Eigen3RefIKNS_12SparseVectorIT_XT0_ET1_EEXT2_ET3_EC1ERKNS0_IS5_XT2_ES6_EE'/>
<fun r='_ZN5Eigen3RefIKNS_12SparseVectorIT_XT0_ET1_EEXT2_ET3_EC1ERKNS_7RefBaseITL0__EE'/>
<fun r='_ZN5Eigen3RefIKNS_12SparseVectorIT_XT0_ET1_EEXT2_ET3_ED1Ev'/>
<fun r='_ZN5Eigen3RefIKNS_12SparseVectorIT_XT0_ET1_EEXT2_ET3_E9constructERKTL0__NS_8internal9true_typeE'/>
<fun r='_ZN5Eigen3RefIKNS_12SparseVectorIT_XT0_ET1_EEXT2_ET3_E9constructERKTL0__NS_8internal10false_typeE'/>
<mbr r='Eigen::Ref::m_storage' t='typename internal::aligned_storage&lt;sizeof(TPlainObjectType), alignof(TPlainObjectType)&gt;::type'/>
<mbr r='Eigen::Ref::m_hasCopy' t='bool'/>
<use f='codebrowser/gtsam/geometry/SOn.cpp' l='25' c='_ZN5gtsam2SO3HatERKN5Eigen6MatrixIdLin1ELi1ELi0ELin1ELi1EEENS1_3RefINS2_IdXT_EXT_EXorLNS1_14StorageOptionsE0EquaaeqT_Li1EneT_Li1ELS7_1EquaaeqT_Li1EneT7517854'/>
<use f='codebrowser/gtsam/linear/JacobianFactor.cpp' l='548' c='_ZNK5gtsam14JacobianFactor18hessianDiagonalAddERNS_12VectorValuesE'/>
<use f='codebrowser/gtsam/nonlinear/GraphvizFormatting.cpp' l='59' c='_ZNK5gtsam18GraphvizFormatting15extractPositionERKNS_5ValueE'/>
<use f='codebrowser/gtsam/nonlinear/GraphvizFormatting.cpp' l='62' c='_ZNK5gtsam18GraphvizFormatting15extractPositionERKNS_5ValueE'/>
<use f='codebrowser/gtsam/3rdparty/Spectra/MatOp/internal/ArnoldiOp.h' l='75' c='_ZNK7Spectra9ArnoldiOp15adjoint_productERKTL0__RKTL0_0_N5Eigen3RefINS7_6MatrixIT_Lin1ELi1ELi0ELin1ELi1EEELi0ENS7_8internal11conditionalIXsr6VectorE21I12475533'/>
<use f='codebrowser/gtsam/3rdparty/Spectra/MatOp/internal/ArnoldiOp.h' l='139' c='_ZNK7Spectra9ArnoldiOpIT_T0_NS_11IdentityBOpEE15adjoint_productERKTL0__RKTL0_0_N5Eigen3RefINSB_6MatrixIS1_Lin1ELi1ELi0ELin1ELi1EEELi0ENSB_8internal11c3195912'/>
<use f='codebrowser/gtsam/3rdparty/Spectra/LinAlg/UpperHessenbergQR.h' l='54'/>
<use f='codebrowser/gtsam/3rdparty/Spectra/LinAlg/UpperHessenbergQR.h' l='55'/>
<use f='codebrowser/gtsam/3rdparty/Spectra/LinAlg/UpperHessenbergQR.h' l='551'/>
<use f='codebrowser/gtsam/3rdparty/Spectra/LinAlg/TridiagEigen.h' l='31'/>
<use f='codebrowser/gtsam/3rdparty/Spectra/LinAlg/TridiagEigen.h' l='32'/>
<use f='codebrowser/gtsam/3rdparty/Spectra/LinAlg/DoubleShiftQR.h' l='31'/>
<use f='codebrowser/gtsam/3rdparty/Spectra/LinAlg/DoubleShiftQR.h' l='32'/>
<use f='codebrowser/gtsam/3rdparty/Spectra/MatOp/DenseSymMatProd.h' l='43'/>
<use f='codebrowser/gtsam/3rdparty/Spectra/MatOp/DenseSymMatProd.h' l='91' c='_ZNK7Spectra15DenseSymMatProdmlERKN5Eigen3RefIKNS1_6MatrixIT_Lin1ELin1EXT1_ELin1ELin1EEELi0ENS1_8internal11conditionalIXsr6MatrixE21IsVectorAtCompileT805751'/>
