<def f='codebrowser/gtsam/slam/tests/testEssentialMatrixFactor.cpp' l='47' type='double'/>
<use f='codebrowser/gtsam/slam/tests/testEssentialMatrixFactor.cpp' l='217' u='r' c='_ZN8example132EssentialMatrixFactor2factorTest3runER10TestResult'/>
<use f='codebrowser/gtsam/slam/tests/testEssentialMatrixFactor.cpp' l='243' u='r' c='_ZN8example138EssentialMatrixFactor2minimizationTest3runER10TestResult'/>
<use f='codebrowser/gtsam/slam/tests/testEssentialMatrixFactor.cpp' l='282' u='r' c='_ZN8example132EssentialMatrixFactor3factorTest3runER10TestResult'/>
<use f='codebrowser/gtsam/slam/tests/testEssentialMatrixFactor.cpp' l='307' u='r' c='_ZN8example138EssentialMatrixFactor3minimizationTest3runER10TestResult'/>
<doc f='codebrowser/gtsam/slam/tests/testEssentialMatrixFactor.cpp' l='47'>// actual baseline of the camera</doc>
