<def f='codebrowser/gtsam/slam/tests/testEssentialMatrixFactor.cpp' l='588' type='double'/>
<use f='codebrowser/gtsam/slam/tests/testEssentialMatrixFactor.cpp' l='658' u='r' c='_ZN8example235EssentialMatrixFactor2extraTestTest3runER10TestResult'/>
<use f='codebrowser/gtsam/slam/tests/testEssentialMatrixFactor.cpp' l='685' u='r' c='_ZN8example243EssentialMatrixFactor2extraMinimizationTest3runER10TestResult'/>
<use f='codebrowser/gtsam/slam/tests/testEssentialMatrixFactor.cpp' l='718' u='r' c='_ZN8example235EssentialMatrixFactor3extraTestTest3runER10TestResult'/>
<doc f='codebrowser/gtsam/slam/tests/testEssentialMatrixFactor.cpp' l='588'>// actual baseline of the camera</doc>
