<dec f='codebrowser/gtsam/nonlinear/LevenbergMarquardtParams.h' l='40' type='1'/>
<use f='codebrowser/gtsam/nonlinear/BatchFixedLagSmoother.cpp' l='286' u='r' c='_ZN5gtsam21BatchFixedLagSmoother8optimizeEv'/>
<use f='codebrowser/gtsam/nonlinear/LevenbergMarquardtOptimizer.cpp' l='224' u='r' c='_ZN5gtsam27LevenbergMarquardtOptimizer9tryLambdaERKNS_19GaussianFactorGraphERKNS_12VectorValuesE'/>
<use f='codebrowser/gtsam/nonlinear/LevenbergMarquardtOptimizer.cpp' l='258' u='r' c='_ZN5gtsam27LevenbergMarquardtOptimizer9tryLambdaERKNS_19GaussianFactorGraphERKNS_12VectorValuesE'/>
<use f='codebrowser/gtsam/nonlinear/LevenbergMarquardtOptimizer.cpp' l='286' u='r' c='_ZN5gtsam27LevenbergMarquardtOptimizer7iterateEv'/>
<use f='codebrowser/gtsam/nonlinear/LevenbergMarquardtParams.cpp' l='38' u='r' c='_ZN5gtsam24LevenbergMarquardtParams21verbosityLMTranslatorERKNSt7__cxx1112basic_stringIcSt11char_traitsIcESaIcEEE'/>
<use f='codebrowser/gtsam/nonlinear/LevenbergMarquardtParams.cpp' l='64' c='_ZN5gtsam24LevenbergMarquardtParams21verbosityLMTranslatorB5cxx11ENS0_11VerbosityLME'/>
