<def f='codebrowser/gtsam/geometry/tests/testPose3.cpp' l='127' type='Pose3'/>
<use f='codebrowser/gtsam/geometry/tests/testPose3.cpp' l='134' u='r' c='_ZN22Pose3expmap_c_fullTest3runER10TestResult'/>
<use f='codebrowser/gtsam/geometry/tests/testPose3.cpp' l='135' u='r' c='_ZN22Pose3expmap_c_fullTest3runER10TestResult'/>
